
> neurosurgery-nextjs-site@0.1.0 build /app
> next build

Discovering workflow directives 2485ms
Created steps bundle 114ms
Created intermediate workflow bundle 79ms
Creating webhook route
Creating manifest...
Created manifest with 40 step(s) and 4 workflow(s) 31ms
   ▲ Next.js 15.5.9
   - Experiments (use with caution):
     ✓ optimizeCss
     · optimizePackageImports

   Creating an optimized production build ...
 ⚠ Compiled with warnings in 33.1s

./app/.well-known/workflow/v1/step/route.js
Critical dependency: require function is used in a way in which dependencies cannot be statically extracted

Import trace for requested module:
./app/.well-known/workflow/v1/step/route.js

./app/.well-known/workflow/v1/step/route.js
Critical dependency: require function is used in a way in which dependencies cannot be statically extracted

Import trace for requested module:
./app/.well-known/workflow/v1/step/route.js

   Linting and checking validity of types ...
   Collecting page data ...
Blog post awake-spine-surgery-vs-general-anesthesia-guide has validation errors: [ 'description should be 155 characters or less for meta tags' ]
Blog post cervical-spondylosis-neck-pain-hyderabad has validation errors: [ 'description should be 155 characters or less for meta tags' ]
Blog post cost-of-endoscopic-spine-surgery-hyderabad has validation errors: [ 'description should be 155 characters or less for meta tags' ]
Blog post osteoporotic-spine-fracture-elderly-guide has validation errors: [ 'description should be 155 characters or less for meta tags' ]
Blog post spondylolisthesis-vs-herniated-disc-difference has validation errors: [ 'description should be 155 characters or less for meta tags' ]
Blog post trigeminal-neuralgia-vs-tooth-pain-guide has validation errors: [ 'description should be 155 characters or less for meta tags' ]
   Generating static pages (0/230) ...
Blog post awake-spine-surgery-vs-general-anesthesia-guide has validation errors: [ 'description should be 155 characters or less for meta tags' ]
Blog post awake-spine-surgery-vs-general-anesthesia-guide has validation errors: [ 'description should be 155 characters or less for meta tags' ]
Blog post cervical-spondylosis-neck-pain-hyderabad has validation errors: [ 'description should be 155 characters or less for meta tags' ]
Blog post cervical-spondylosis-neck-pain-hyderabad has validation errors: [ 'description should be 155 characters or less for meta tags' ]
Blog post osteoporotic-spine-fracture-elderly-guide has validation errors: [ 'description should be 155 characters or less for meta tags' ]
Blog post osteoporotic-spine-fracture-elderly-guide has validation errors: [ 'description should be 155 characters or less for meta tags' ]
Blog post trigeminal-neuralgia-vs-tooth-pain-guide has validation errors: [ 'description should be 155 characters or less for meta tags' ]
Blog post trigeminal-neuralgia-vs-tooth-pain-guide has validation errors: [ 'description should be 155 characters or less for meta tags' ]
   Generating static pages (57/230)
Blog post awake-spine-surgery-vs-general-anesthesia-guide has validation errors: [ 'description should be 155 characters or less for meta tags' ]
Blog post cervical-spondylosis-neck-pain-hyderabad has validation errors: [ 'description should be 155 characters or less for meta tags' ]
Blog post cost-of-endoscopic-spine-surgery-hyderabad has validation errors: [ 'description should be 155 characters or less for meta tags' ]
Blog post osteoporotic-spine-fracture-elderly-guide has validation errors: [ 'description should be 155 characters or less for meta tags' ]
Blog post spondylolisthesis-vs-herniated-disc-difference has validation errors: [ 'description should be 155 characters or less for meta tags' ]
Blog post trigeminal-neuralgia-vs-tooth-pain-guide has validation errors: [ 'description should be 155 characters or less for meta tags' ]
Blog post cost-of-endoscopic-spine-surgery-hyderabad has validation errors: [ 'description should be 155 characters or less for meta tags' ]
Blog post cost-of-endoscopic-spine-surgery-hyderabad has validation errors: [ 'description should be 155 characters or less for meta tags' ]
   Generating static pages (114/230)
Blog post awake-spine-surgery-vs-general-anesthesia-guide has validation errors: [ 'description should be 155 characters or less for meta tags' ]
Blog post cervical-spondylosis-neck-pain-hyderabad has validation errors: [ 'description should be 155 characters or less for meta tags' ]
Blog post cost-of-endoscopic-spine-surgery-hyderabad has validation errors: [ 'description should be 155 characters or less for meta tags' ]
Blog post osteoporotic-spine-fracture-elderly-guide has validation errors: [ 'description should be 155 characters or less for meta tags' ]
Blog post spondylolisthesis-vs-herniated-disc-difference has validation errors: [ 'description should be 155 characters or less for meta tags' ]
Blog post trigeminal-neuralgia-vs-tooth-pain-guide has validation errors: [ 'description should be 155 characters or less for meta tags' ]
Blog post spondylolisthesis-vs-herniated-disc-difference has validation errors: [ 'description should be 155 characters or less for meta tags' ]
Blog post spondylolisthesis-vs-herniated-disc-difference has validation errors: [ 'description should be 155 characters or less for meta tags' ]
   Generating static pages (172/230)
 ✓ Generating static pages (230/230)
   Finalizing page optimization ...
   Collecting build traces ...

Route (app)                                                             Size  First Load JS  Revalidate  Expire
┌ ○ /                                                                3.36 kB         150 kB          6h      1y
├ ○ /_not-found                                                        280 B         103 kB
├ ƒ /.well-known/workflow/v1/flow                                      280 B         103 kB
├ ƒ /.well-known/workflow/v1/step                                      280 B         103 kB
├ ƒ /.well-known/workflow/v1/webhook/[token]                           280 B         103 kB
├ ƒ /[procedure]                                                       219 B         106 kB
├ ○ /about                                                             187 B         111 kB          1h      1y
├ ○ /admin/appointments                                              2.14 kB         105 kB
├ ○ /ai-chat                                                         4.49 kB         110 kB
├ ƒ /api/ai-booking                                                    280 B         103 kB
├ ƒ /api/ai-diagnostic                                                 280 B         103 kB
├ ƒ /api/ai/analytics                                                  280 B         103 kB
├ ƒ /api/ai/chat                                                       280 B         103 kB
├ ƒ /api/ai/follow-up-care                                             280 B         103 kB
├ ƒ /api/ai/personalize                                                280 B         103 kB
├ ƒ /api/ai/predictive-scheduling                                      280 B         103 kB
├ ƒ /api/ai/recommend                                                  280 B         103 kB
├ ƒ /api/ai/search                                                     280 B         103 kB
├ ƒ /api/ai/summarize                                                  280 B         103 kB
├ ƒ /api/ai/symptoms                                                   280 B         103 kB
├ ƒ /api/ai/triage                                                     280 B         103 kB
├ ƒ /api/appointments/briefing                                         280 B         103 kB
├ ƒ /api/appointments/submit                                           280 B         103 kB
├ ƒ /api/auth/google                                                   280 B         103 kB
├ ƒ /api/blog/generate                                                 280 B         103 kB
├ ƒ /api/content/validate                                              280 B         103 kB
├ ƒ /api/cron/reindex-rag                                              280 B         103 kB
├ ƒ /api/drafts/content                                                280 B         103 kB
├ ƒ /api/drafts/list                                                   280 B         103 kB
├ ƒ /api/email/appointment                                             280 B         103 kB
├ ƒ /api/email/contact                                                 280 B         103 kB
├ ƒ /api/faq/generate                                                  280 B         103 kB
├ ƒ /api/gemini-files/list                                             280 B         103 kB
├ ƒ /api/gemini-files/manage                                           280 B         103 kB
├ ƒ /api/gemini-files/search                                           280 B         103 kB
├ ƒ /api/gemini-files/upload                                           280 B         103 kB
├ ƒ /api/health                                                        280 B         103 kB
├ ƒ /api/inngest                                                       280 B         103 kB
├ ƒ /api/lead                                                          280 B         103 kB
├ ƒ /api/neuralink                                                     280 B         103 kB
├ ƒ /api/newsletter/subscribe                                          280 B         103 kB
├ ƒ /api/og                                                            280 B         103 kB
├ ƒ /api/openai-agents-simple                                          280 B         103 kB
├ ƒ /api/openai-chat                                                   280 B         103 kB
├ ƒ /api/revalidate                                                    280 B         103 kB
├ ƒ /api/search-console                                                280 B         103 kB
├ ƒ /api/symptoms/check                                                280 B         103 kB
├ ƒ /api/utm-links                                                     280 B         103 kB
├ ƒ /api/workflows/booking                                             280 B         103 kB
├ ƒ /api/workflows/education                                           280 B         103 kB
├ ƒ /api/workflows/follow-up                                           280 B         103 kB
├ ƒ /api/workflows/search                                              280 B         103 kB
├ ƒ /api/wp-proxy                                                      280 B         103 kB
├ ○ /appointments                                                    32.3 kB         135 kB
├ ○ /appointments/thank-you                                            219 B         106 kB
├ ○ /auth/callback                                                   2.21 kB         105 kB
├ ○ /best-neurosurgeon-in-hyderabad                                  1.55 kB         113 kB          1d      1y
├ ○ /blog                                                              187 B         111 kB          1d      1y
├ ● /blog/[slug]                                                     1.61 kB         108 kB          1d      1y
├   ├ /blog/awake-craniotomy-brain-tumor-guide                                                       1d      1y
├   ├ /blog/cauda-equina-syndrome-warning-signs-hyderabad                                            1d      1y
├   ├ /blog/spondylolisthesis-vs-herniated-disc-difference                                           1d      1y
├   └ [+13 more paths]
├ ○ /blog/awake-craniotomy-guide                                       215 B         111 kB
├ ○ /blog/brain-tumor-surgery-cost-hyderabad                           215 B         111 kB
├ ○ /blog/day-care-endoscopic-spine-surgery-eligibility                250 B         106 kB          1d      1y
├ ○ /blog/day-care-spine-surgery-insurance-hyderabad                   215 B         111 kB
├ ○ /blog/disc-replacement-vs-fusion                                   215 B         111 kB
├ ○ /blog/does-endoscopic-spine-surgery-work-for-sciatica-hyderabad    219 B         106 kB
├ ○ /blog/endoscopic-cervical-spine-surgery-hyderabad                  250 B         106 kB
├ ○ /blog/endoscopic-discectomy-cost-hyderabad                         250 B         106 kB          1d      1y
├ ○ /blog/endoscopic-spine-surgery-cost-hyderabad                      250 B         106 kB
├ ○ /blog/endoscopic-vs-microdiscectomy-hyderabad                      250 B         106 kB          1d      1y
├ ○ /blog/how-much-does-brain-surgery-cost-hyderabad                   250 B         106 kB          1d      1y
├ ○ /blog/mvd-vs-radiosurgery-trigeminal-neuralgia                     250 B         106 kB          1d      1y
├ ƒ /blog/page/[page]                                                  187 B         111 kB
├ ○ /blog/return-to-work-after-endoscopic-discectomy-hyderabad         250 B         106 kB
├ ○ /blog/sciatica-pain-management-hyderabad                           250 B         106 kB
├ ○ /blog/spinal-fusion-cost-hyderabad                                 215 B         111 kB
├ ○ /blog/spine-health-maintenance-hyderabad                           250 B         106 kB
├ ○ /blog/spine-surgery-recovery-timeline-hyderabad                    250 B         106 kB
├ ○ /blog/when-to-worry-about-back-pain-neurosurgeon-hyderabad         219 B         106 kB
├ ○ /blog/world-stroke-day-2025-hyderabad-stroke-code                  250 B         106 kB          1d      1y
├ ○ /brain-surgery                                                     219 B         106 kB
├ ○ /brain-tumor-surgery                                               280 B         103 kB
├ ○ /conditions                                                      9.57 kB         115 kB
├ ● /conditions/[conditionSlug]                                        215 B         111 kB
├ ● /conditions/a-z/[slug]                                           1.73 kB         108 kB
├   ├ /conditions/a-z/acoustic-neuroma
├   ├ /conditions/a-z/aneurysm
├   ├ /conditions/a-z/brain-tumor
├   └ [+22 more paths]
├ ○ /conditions/brain-bleed-evacuation-hyderabad                       250 B         106 kB          1d      1y
├ ○ /conditions/brain-tumor-surgery-hyderabad                          250 B         106 kB          1d      1y
├ ○ /conditions/cervical-myelopathy-decompression-hyderabad            250 B         106 kB          1d      1y
├ ○ /conditions/cervical-radiculopathy-treatment-hyderabad             250 B         106 kB          1d      1y
├ ○ /conditions/osteoporotic-spine-fracture-hyderabad                  128 B         110 kB
├ ○ /conditions/sciatica-pain-treatment-hyderabad                    2.27 kB         108 kB          6h      1y
├ ○ /conditions/sciatica-treatment-hyderabad                           215 B         111 kB
├ ○ /conditions/slip-disc-treatment-hyderabad                          250 B         106 kB          6h      1y
├ ○ /conditions/spinal-stenosis-treatment-hyderabad                    127 B         110 kB
├ ○ /conditions/spine-tumor-surgery-hyderabad                          250 B         106 kB          1d      1y
├ ○ /conditions/spondylolisthesis-treatment-hyderabad                  128 B         110 kB
├ ○ /conditions/trigeminal-neuralgia-treatment-hyderabad               250 B         106 kB          1d      1y
├ ○ /contact                                                         26.9 kB         138 kB
├ ○ /content-integrity                                                 219 B         106 kB
├ ○ /cookies                                                           280 B         103 kB
├ ○ /disclaimer                                                        280 B         103 kB
├ ○ /disease-guides                                                    250 B         106 kB
├ ○ /disease-guides/degenerative-disc-disease                          250 B         106 kB
├ ○ /drafts                                                          37.6 kB         140 kB
├ ○ /editorial-policy                                                  280 B         103 kB
├ ○ /emergency-rehabilitation                                          250 B         106 kB
├ ○ /endoscopic-spine-surgery-hyderabad                                215 B         111 kB
├ ○ /force-cache-clear                                                 280 B         103 kB
├ ○ /german-training                                                   219 B         106 kB
├ ○ /icon.svg                                                            0 B            0 B
├ ○ /knowledge-base                                                  2.52 kB         108 kB
├ ○ /locations                                                         219 B         106 kB          1d      1y
├ ○ /locations/banjara-hills                                         1.65 kB         108 kB          1d      1y
├ ○ /locations/brain-spine-surgeon-banjara-hills                     2.05 kB         108 kB          1d      1y
├ ○ /locations/brain-spine-surgeon-hitec-city                        2.05 kB         108 kB          1d      1y
├ ○ /locations/brain-spine-surgeon-jubilee-hills                     2.05 kB         108 kB          1d      1y
├ ○ /locations/hitech-city                                           1.65 kB         108 kB          1d      1y
├ ○ /locations/lb-nagar                                              1.65 kB         108 kB          1d      1y
├ ○ /locations/malakpet                                              1.65 kB         108 kB          1d      1y
├ ○ /locations/neurosurgeon-kondapur                                 1.65 kB         108 kB          1d      1y
├ ○ /locations/neurosurgeon-kothapet                                 1.65 kB         108 kB          1d      1y
├ ○ /locations/neurosurgeon-kukatpally                               1.65 kB         108 kB          1d      1y
├ ○ /locations/neurosurgeon-manikonda                                1.65 kB         108 kB          1d      1y
├ ○ /locations/neurosurgeon-near-jubilee-hills                         280 B         103 kB
├ ○ /locations/neurosurgeon-near-jubilee-hills-faq                     707 B         112 kB          1d      1y
├ ○ /locations/neurosurgeon-near-kachiguda-faq                         707 B         112 kB          1d      1y
├ ○ /locations/neurosurgeon-near-kondapur-faq                          707 B         112 kB          1d      1y
├ ○ /locations/neurosurgeon-nizampet                                 1.65 kB         108 kB          1d      1y
├ ○ /locations/secunderabad                                          1.65 kB         108 kB          1d      1y
├ ○ /media                                                             182 B         143 kB
├ ○ /medical-disclaimer                                                219 B         106 kB
├ ○ /near                                                              219 B         106 kB
├ ● /near/[area]                                                       171 B         143 kB
├   ├ /near/banjara-hills
├   ├ /near/jubilee-hills
├   ├ /near/hitech-city
├   └ [+5 more paths]
├ ○ /neurosurgeon-banjara-hills                                      1.65 kB         108 kB          1d      1y
├ ○ /neurosurgeon-gachibowli                                         1.65 kB         108 kB          1d      1y
├ ○ /neurosurgeon-hitech-city                                        1.65 kB         108 kB          1d      1y
├ ○ /neurosurgeon-hyderabad                                          1.65 kB         108 kB          1d      1y
├ ○ /neurosurgeon-jubilee-hills                                      1.65 kB         108 kB          1d      1y
├ ○ /neurosurgeon-malakpet                                           1.65 kB         108 kB          1d      1y
├ ○ /neurosurgeon-secunderabad                                       1.65 kB         108 kB          1d      1y
├ ○ /patient-stories                                                   197 B         143 kB          1h      1y
├ ● /patient-stories/[slug]                                            197 B         143 kB
├   ├ /patient-stories/minimal-invasive-meningioma-resection
├   ├ /patient-stories/video-testimonial-1
├   ├ /patient-stories/video-testimonial-2
├   └ [+3 more paths]
├ ○ /pediatric-neurosurgery                                            219 B         106 kB
├ ○ /privacy                                                           280 B         103 kB
├ ○ /research                                                          219 B         106 kB
├ ○ /robots.txt                                                        280 B         103 kB          1w      1y
├ ○ /services                                                          250 B         106 kB
├ ○ /services/awake-spine-surgery-hyderabad                            250 B         106 kB
├ ○ /services/brain-tumor-surgery-hyderabad                          2.27 kB         108 kB
├ ○ /services/cervical-endoscopic-spine-surgery-hyderabad              127 B         110 kB
├ ○ /services/compare-neurosurgeons-hyderabad                          250 B         106 kB
├ ○ /services/cooled-radiofrequency-ablation-hyderabad                 699 B         107 kB
├ ○ /services/dr-sayuj-vs-apollo-neuro-icu                             215 B         111 kB
├ ○ /services/endoscopic-discectomy-hyderabad                          699 B         107 kB
├ ○ /services/endoscopic-spine-surgery-hyderabad                     2.27 kB         108 kB          1h      1y
├ ○ /services/epilepsy-surgery-hyderabad                               128 B         110 kB
├ ○ /services/kims-spine-surgery-second-opinion                        215 B         111 kB
├ ○ /services/lumbar-laminectomy-surgery-hyderabad                     128 B         110 kB
├ ○ /services/minimally-invasive-spine-surgery                         128 B         110 kB
├ ○ /services/peripheral-nerve-surgery                                 215 B         111 kB
├ ○ /services/peripheral-nerve-surgery-hyderabad                       250 B         106 kB
├ ○ /services/slip-disc-surgery-cost-hyderabad                         250 B         106 kB
├ ○ /services/spinal-fusion                                            215 B         111 kB
├ ○ /services/spinal-fusion-surgery-hyderabad                          128 B         110 kB
├ ○ /services/spine-surgery-cost-hyderabad                             250 B         106 kB
├ ○ /services/spine-surgery-hyderabad                                  250 B         106 kB
├ ○ /services/uniportal-endoscopic-spine-surgery-hyderabad           2.27 kB         108 kB          1h      1y
├ ○ /sitemap-images.xml                                                280 B         103 kB          1w      1y
├ ○ /sitemap-videos.xml                                                280 B         103 kB          1w      1y
├ ○ /sitemap.xml                                                       280 B         103 kB
├ ○ /specializations                                                   219 B         106 kB
├ ○ /spine-surgery                                                     219 B         106 kB
├ ○ /stories/endoscopic-discectomy-same-day-hyderabad                  197 B         143 kB
├ ○ /stories/endoscopic-ulbd-stenosis-hyderabad                        197 B         143 kB
├ ○ /stories/mvd-trigeminal-neuralgia-hyderabad                        197 B         143 kB
├ ○ /symptoms-checker                                                2.02 kB         105 kB
├ ○ /symptoms/pain-on-top-of-head-causes                               219 B         106 kB          1d      1y
├ ○ /symptoms/signs-of-brain-tumor                                     219 B         106 kB          1d      1y
├ ○ /technology-facilities                                             250 B         106 kB
├ ○ /technology-innovation                                             219 B         106 kB
├ ○ /terms                                                             280 B         103 kB
└ ○ /utm-links                                                       2.01 kB         105 kB
+ First Load JS shared by all                                         103 kB
  ├ chunks/538bca6c-65ee261b54b27a18.js                              54.2 kB
  ├ chunks/5534-2dc73a60ef591c9b.js                                    46 kB
  └ other shared chunks (total)                                      2.29 kB


ƒ Middleware                                                         33.1 kB

○  (Static)   prerendered as static content
●  (SSG)      prerendered as static HTML (uses generateStaticParams)
ƒ  (Dynamic)  server-rendered on demand


> neurosurgery-nextjs-site@0.1.0 postbuild /app
> next-sitemap && node scripts/generate-image-sitemap.js && node scripts/generate-video-sitemap.js

✨ [next-sitemap] Loading next-sitemap config: file:///app/next-sitemap.config.js
✅ [next-sitemap] Generation completed
┌───────────────┬────────┐
│ (index)       │ Values │
├───────────────┼────────┤
│ indexSitemaps │ 0      │
│ sitemaps      │ 1      │
└───────────────┴────────┘
-----------------------------------------------------
 SITEMAPS
-----------------------------------------------------

   ○ https://www.drsayuj.info/sitemap.xml


✅ Image sitemap generated: /app/public/sitemap-images.xml
   Total images: 15
✅ Video sitemap generated: /app/public/sitemap-videos.xml
   Total videos: 6
